1. Snakes, 6 pts 
2. Grouches, 3 pts 
3. Tarantulas, 3 pts 
4. Lions, 2 pts 
5. Benfica, 1 pts 
6. FC Awesome, 1 pts 
